
> kk-grove@2.0.0 build
> next build

  ▲ Next.js 14.2.35

   Creating an optimized production build ...
(node:21680) [DEP0040] DeprecationWarning: The `punycode` module is deprecated. Please use a userland alternative instead.
(Use `node --trace-deprecation ...` to show where the warning was created)
request to https://fonts.gstatic.com/s/cormorantgaramond/v21/co3bmX5slCNuHLi8bLeY9MK7whWMhyjYqXtKky2F7g.woff2 failed, reason: connect ETIMEDOUT 142.250.202.227:443

Retrying 1/3...
request to https://fonts.gstatic.com/s/courierprime/v11/u-450q2lgwslOqpF_6gQ8kELaw9pWs39pvnRPA.woff2 failed, reason: connect ETIMEDOUT 142.250.202.227:443

Retrying 1/3...
request to https://fonts.gstatic.com/s/courierprime/v11/u-450q2lgwslOqpF_6gQ8kELawFpWs39pvk.woff2 failed, reason: connect ETIMEDOUT 142.250.202.227:443

Retrying 1/3...
request to https://fonts.gstatic.com/s/courierprime/v11/u-4k0q2lgwslOqpF_6gQ8kELY7pMT-Dfq9PrNX0.woff2 failed, reason: connect ETIMEDOUT 142.250.202.227:443

Retrying 1/3...
request to https://fonts.gstatic.com/s/cormorantgaramond/v21/co3bmX5slCNuHLi8bLeY9MK7whWMhyjYrXtKky2F7i6C.woff2 failed, reason: socket hang up

Retrying 1/3...
request to https://fonts.gstatic.com/s/spacegrotesk/v22/V8mDoQDjQSkFtoMM3T6r8E7mPbF4C_k3HqU.woff2 failed, reason: socket hang up

Retrying 1/3...
request to https://fonts.gstatic.com/s/poppins/v24/pxiEyp8kv8JHgFVrJJnecnFHGPezSQ.woff2 failed, reason: socket hang up

Retrying 1/3...
request to https://fonts.gstatic.com/s/ibmplexmono/v20/-F6qfjptAgt5VM-kVkqdyU8n3twJwlBFgsAXHNk.woff2 failed, reason: socket hang up

Retrying 1/3...
request to https://fonts.gstatic.com/s/cormorantgaramond/v21/co3bmX5slCNuHLi8bLeY9MK7whWMhyjYpntKky2F7i6C.woff2 failed, reason: socket hang up

Retrying 1/3...
request to https://fonts.gstatic.com/s/dmserifdisplay/v17/-nFnOHM81r4j6k0gjAW3mujVU2B2G_5x0vrx52jJ3Q.woff2 failed, reason: socket hang up

Retrying 1/3...
request to https://fonts.gstatic.com/s/cormorantgaramond/v21/co3bmX5slCNuHLi8bLeY9MK7whWMhyjYpHtKky2F7i6C.woff2 failed, reason: socket hang up

Retrying 1/3...
request to https://fonts.gstatic.com/s/dmserifdisplay/v17/-nFnOHM81r4j6k0gjAW3mujVU2B2G_Bx0vrx52g.woff2 failed, reason: socket hang up

Retrying 1/3...
request to https://fonts.gstatic.com/s/courierprime/v11/u-450q2lgwslOqpF_6gQ8kELaw9pWs39pvnRPA.woff2 failed, reason: connect ETIMEDOUT 142.250.202.227:443

Retrying 2/3...
request to https://fonts.gstatic.com/s/courierprime/v11/u-450q2lgwslOqpF_6gQ8kELawFpWs39pvk.woff2 failed, reason: connect ETIMEDOUT 142.250.202.227:443

Retrying 2/3...
request to https://fonts.gstatic.com/s/courierprime/v11/u-4k0q2lgwslOqpF_6gQ8kELY7pMT-Dfq9PrNX0.woff2 failed, reason: connect ETIMEDOUT 142.250.202.227:443

Retrying 2/3...
request to https://fonts.gstatic.com/s/cormorantgaramond/v21/co3bmX5slCNuHLi8bLeY9MK7whWMhyjYqXtKky2F7g.woff2 failed, reason: read ECONNRESET

Retrying 2/3...
request to https://fonts.gstatic.com/s/cormorantgaramond/v21/co3bmX5slCNuHLi8bLeY9MK7whWMhyjYrXtKky2F7i6C.woff2 failed, reason: read ECONNRESET

Retrying 2/3...
request to https://fonts.gstatic.com/s/spacegrotesk/v22/V8mDoQDjQSkFtoMM3T6r8E7mPb54C_k3HqUtEw.woff2 failed, reason: read ECONNRESET

Retrying 1/3...
request to https://fonts.gstatic.com/s/courierprime/v11/u-4k0q2lgwslOqpF_6gQ8kELY7pMT-7fq9PrNX2-Ag.woff2 failed, reason: read ECONNRESET

Retrying 1/3...
